

================================================================
== Vivado HLS Report for 'DCT_MAT_Multiply_Loop_LoadRow_proc'
================================================================
* Date:           Wed Oct 28 17:54:23 2015

* Version:        2015.1 (Build 1215546 on Mon Apr 27 19:24:50 PM 2015)
* Project:        dct
* Solution:       solution3opt
* Product family: zynq
* Target device:  xc7z020clg484-1


================================================================
== Performance Estimates
================================================================
+ Timing (ns): 
    * Summary: 
    +---------+-------+----------+------------+
    |  Clock  | Target| Estimated| Uncertainty|
    +---------+-------+----------+------------+
    |default  |  10.00|      6.28|        1.25|
    +---------+-------+----------+------------+

+ Latency (clock cycles): 
    * Summary: 
    +-----+-----+-----+-----+---------+
    |  Latency  |  Interval | Pipeline|
    | min | max | min | max |   Type  |
    +-----+-----+-----+-----+---------+
    |   67|   67|   67|   67|   none  |
    +-----+-----+-----+-----+---------+

    + Detail: 
        * Instance: 
        N/A

        * Loop: 
        +-------------------+-----+-----+----------+-----------+-----------+------+----------+
        |                   |  Latency  | Iteration|  Initiation Interval  | Trip |          |
        |     Loop Name     | min | max |  Latency |  achieved |   target  | Count| Pipelined|
        +-------------------+-----+-----+----------+-----------+-----------+------+----------+
        |- LoadRow_LoadCol  |   65|   65|         2|          1|          1|    64|    yes   |
        +-------------------+-----+-----+----------+-----------+-----------+------+----------+



================================================================
== Utilization Estimates
================================================================
* Summary: 
+-----------------+---------+-------+--------+-------+
|       Name      | BRAM_18K| DSP48E|   FF   |  LUT  |
+-----------------+---------+-------+--------+-------+
|Expression       |        -|      -|       0|     30|
|FIFO             |        -|      -|       -|      -|
|Instance         |        -|      -|       -|      -|
|Memory           |        -|      -|       -|      -|
|Multiplexer      |        -|      -|       -|   2065|
|Register         |        -|      -|    2070|      -|
+-----------------+---------+-------+--------+-------+
|Total            |        0|      0|    2070|   2095|
+-----------------+---------+-------+--------+-------+
|Available        |      280|    220|  106400|  53200|
+-----------------+---------+-------+--------+-------+
|Utilization (%)  |        0|      0|       1|      3|
+-----------------+---------+-------+--------+-------+

+ Detail: 
    * Instance: 
    N/A

    * Memory: 
    N/A

    * FIFO: 
    N/A

    * Expression: 
    +---------------------------------+----------+-------+---+----+------------+------------+
    |          Variable Name          | Operation| DSP48E| FF| LUT| Bitwidth P0| Bitwidth P1|
    +---------------------------------+----------+-------+---+----+------------+------------+
    |i2_fu_14976_p2                   |     +    |      0|  0|   4|           1|           4|
    |indvar_flatten_next_fu_14956_p2  |     +    |      0|  0|   7|           7|           1|
    |j_fu_14998_p2                    |     +    |      0|  0|   4|           4|           1|
    |i_0_i_i_i_i_mid2_fu_14982_p3     |  Select  |      0|  0|   4|           1|           4|
    |j_0_i_i_i_i_mid2_fu_14968_p3     |  Select  |      0|  0|   4|           1|           1|
    |ap_sig_bdd_685                   |    and   |      0|  0|   1|           1|           1|
    |exitcond3_i_i_i_i4_fu_14962_p2   |   icmp   |      0|  0|   2|           4|           5|
    |exitcond_flatten_fu_14950_p2     |   icmp   |      0|  0|   3|           7|           8|
    |ap_sig_bdd_833                   |    or    |      0|  0|   1|           1|           1|
    +---------------------------------+----------+-------+---+----+------------+------------+
    |Total                            |          |      0|  0|  30|          27|          26|
    +---------------------------------+----------+-------+---+----+------------+------------+

    * Multiplexer: 
    +----------------------------------+----+-----------+-----+-----------+
    |               Name               | LUT| Input Size| Bits| Total Bits|
    +----------------------------------+----+-----------+-----+-----------+
    |B_cached_0_0_2_phi_fu_7590_p128   |  32|          3|   32|         96|
    |B_cached_0_1_2_phi_fu_6993_p128   |  32|          3|   32|         96|
    |B_cached_0_2_2_phi_fu_6396_p128   |  32|          3|   32|         96|
    |B_cached_0_3_2_phi_fu_5799_p128   |  32|          3|   32|         96|
    |B_cached_0_4_2_phi_fu_5202_p128   |  32|          3|   32|         96|
    |B_cached_0_5_2_phi_fu_4605_p128   |  32|          3|   32|         96|
    |B_cached_0_6_2_phi_fu_4008_p128   |  32|          3|   32|         96|
    |B_cached_0_7_2_phi_fu_3411_p128   |  32|          3|   32|         96|
    |B_cached_1_0_2_phi_fu_2814_p128   |  32|          3|   32|         96|
    |B_cached_1_1_2_phi_fu_2217_p128   |  32|          3|   32|         96|
    |B_cached_1_2_2_phi_fu_2416_p128   |  32|          3|   32|         96|
    |B_cached_1_3_2_phi_fu_2615_p128   |  32|          3|   32|         96|
    |B_cached_1_4_2_phi_fu_3013_p128   |  32|          3|   32|         96|
    |B_cached_1_5_2_phi_fu_3212_p128   |  32|          3|   32|         96|
    |B_cached_1_6_2_phi_fu_3610_p128   |  32|          3|   32|         96|
    |B_cached_1_7_2_phi_fu_3809_p128   |  32|          3|   32|         96|
    |B_cached_2_0_2_phi_fu_4207_p128   |  32|          3|   32|         96|
    |B_cached_2_1_2_phi_fu_4406_p128   |  32|          3|   32|         96|
    |B_cached_2_2_2_phi_fu_4804_p128   |  32|          3|   32|         96|
    |B_cached_2_3_2_phi_fu_5003_p128   |  32|          3|   32|         96|
    |B_cached_2_4_2_phi_fu_5401_p128   |  32|          3|   32|         96|
    |B_cached_2_5_2_phi_fu_5600_p128   |  32|          3|   32|         96|
    |B_cached_2_6_2_phi_fu_5998_p128   |  32|          3|   32|         96|
    |B_cached_2_7_2_phi_fu_6197_p128   |  32|          3|   32|         96|
    |B_cached_3_0_2_phi_fu_6595_p128   |  32|          3|   32|         96|
    |B_cached_3_1_2_phi_fu_6794_p128   |  32|          3|   32|         96|
    |B_cached_3_2_2_phi_fu_7192_p128   |  32|          3|   32|         96|
    |B_cached_3_3_2_phi_fu_7391_p128   |  32|          3|   32|         96|
    |B_cached_3_4_2_phi_fu_7789_p128   |  32|          3|   32|         96|
    |B_cached_3_5_2_phi_fu_7988_p128   |  32|          3|   32|         96|
    |B_cached_3_6_2_phi_fu_14555_p128  |  32|          3|   32|         96|
    |B_cached_3_7_2_phi_fu_13958_p128  |  32|          3|   32|         96|
    |B_cached_4_0_2_phi_fu_13361_p128  |  32|          3|   32|         96|
    |B_cached_4_1_2_phi_fu_12764_p128  |  32|          3|   32|         96|
    |B_cached_4_2_2_phi_fu_12167_p128  |  32|          3|   32|         96|
    |B_cached_4_3_2_phi_fu_11570_p128  |  32|          3|   32|         96|
    |B_cached_4_4_2_phi_fu_10973_p128  |  32|          3|   32|         96|
    |B_cached_4_5_2_phi_fu_10376_p128  |  32|          3|   32|         96|
    |B_cached_4_6_2_phi_fu_9779_p128   |  32|          3|   32|         96|
    |B_cached_4_7_2_phi_fu_9182_p128   |  32|          3|   32|         96|
    |B_cached_5_0_2_phi_fu_8585_p128   |  32|          3|   32|         96|
    |B_cached_5_1_2_phi_fu_8187_p128   |  32|          3|   32|         96|
    |B_cached_5_2_2_phi_fu_8386_p128   |  32|          3|   32|         96|
    |B_cached_5_3_2_phi_fu_8784_p128   |  32|          3|   32|         96|
    |B_cached_5_4_2_phi_fu_8983_p128   |  32|          3|   32|         96|
    |B_cached_5_5_2_phi_fu_9381_p128   |  32|          3|   32|         96|
    |B_cached_5_6_2_phi_fu_9580_p128   |  32|          3|   32|         96|
    |B_cached_5_7_2_phi_fu_9978_p128   |  32|          3|   32|         96|
    |B_cached_6_0_2_phi_fu_10177_p128  |  32|          3|   32|         96|
    |B_cached_6_1_2_phi_fu_10575_p128  |  32|          3|   32|         96|
    |B_cached_6_2_2_phi_fu_10774_p128  |  32|          3|   32|         96|
    |B_cached_6_3_2_phi_fu_11172_p128  |  32|          3|   32|         96|
    |B_cached_6_4_2_phi_fu_11371_p128  |  32|          3|   32|         96|
    |B_cached_6_5_2_phi_fu_11769_p128  |  32|          3|   32|         96|
    |B_cached_6_6_2_phi_fu_11968_p128  |  32|          3|   32|         96|
    |B_cached_6_7_2_phi_fu_12366_p128  |  32|          3|   32|         96|
    |B_cached_7_0_2_phi_fu_12565_p128  |  32|          3|   32|         96|
    |B_cached_7_1_2_phi_fu_12963_p128  |  32|          3|   32|         96|
    |B_cached_7_2_2_phi_fu_13162_p128  |  32|          3|   32|         96|
    |B_cached_7_3_2_phi_fu_13560_p128  |  32|          3|   32|         96|
    |B_cached_7_4_2_phi_fu_13759_p128  |  32|          3|   32|         96|
    |B_cached_7_5_2_phi_fu_14157_p128  |  32|          3|   32|         96|
    |B_cached_7_6_2_phi_fu_14356_p128  |  32|          3|   32|         96|
    |B_cached_7_7_2_phi_fu_14754_p128  |  32|          3|   32|         96|
    |ap_NS_fsm                         |   1|          4|    1|          4|
    |ap_reg_ppiten_pp0_it1             |   1|          2|    1|          2|
    |i_0_i_i_i_i_reg_1423              |   4|          2|    4|          8|
    |indvar_flatten_reg_1412           |   7|          2|    7|         14|
    |j_0_i_i_i_i_reg_2202              |   4|          2|    4|          8|
    +----------------------------------+----+-----------+-----+-----------+
    |Total                             |2065|        204| 2065|       6180|
    +----------------------------------+----+-----------+-----+-----------+

    * Register: 
    +----------------------------+----+----+-----+-----------+
    |            Name            | FF | LUT| Bits| Const Bits|
    +----------------------------+----+----+-----+-----------+
    |B_cached_0_0_1_reg_1758     |  32|   0|   32|          0|
    |B_cached_0_1_1_reg_1722     |  32|   0|   32|          0|
    |B_cached_0_2_1_reg_1686     |  32|   0|   32|          0|
    |B_cached_0_3_1_reg_1650     |  32|   0|   32|          0|
    |B_cached_0_4_1_reg_1614     |  32|   0|   32|          0|
    |B_cached_0_5_1_reg_1578     |  32|   0|   32|          0|
    |B_cached_0_6_1_reg_1542     |  32|   0|   32|          0|
    |B_cached_0_7_1_reg_1506     |  32|   0|   32|          0|
    |B_cached_1_0_1_reg_1470     |  32|   0|   32|          0|
    |B_cached_1_1_1_reg_1434     |  32|   0|   32|          0|
    |B_cached_1_2_1_reg_1446     |  32|   0|   32|          0|
    |B_cached_1_3_1_reg_1458     |  32|   0|   32|          0|
    |B_cached_1_4_1_reg_1482     |  32|   0|   32|          0|
    |B_cached_1_5_1_reg_1494     |  32|   0|   32|          0|
    |B_cached_1_6_1_reg_1518     |  32|   0|   32|          0|
    |B_cached_1_7_1_reg_1530     |  32|   0|   32|          0|
    |B_cached_2_0_1_reg_1554     |  32|   0|   32|          0|
    |B_cached_2_1_1_reg_1566     |  32|   0|   32|          0|
    |B_cached_2_2_1_reg_1590     |  32|   0|   32|          0|
    |B_cached_2_3_1_reg_1602     |  32|   0|   32|          0|
    |B_cached_2_4_1_reg_1626     |  32|   0|   32|          0|
    |B_cached_2_5_1_reg_1638     |  32|   0|   32|          0|
    |B_cached_2_6_1_reg_1662     |  32|   0|   32|          0|
    |B_cached_2_7_1_reg_1674     |  32|   0|   32|          0|
    |B_cached_3_0_1_reg_1698     |  32|   0|   32|          0|
    |B_cached_3_1_1_reg_1710     |  32|   0|   32|          0|
    |B_cached_3_2_1_reg_1734     |  32|   0|   32|          0|
    |B_cached_3_3_1_reg_1746     |  32|   0|   32|          0|
    |B_cached_3_4_1_reg_1770     |  32|   0|   32|          0|
    |B_cached_3_5_1_reg_1782     |  32|   0|   32|          0|
    |B_cached_3_6_1_reg_2178     |  32|   0|   32|          0|
    |B_cached_3_7_1_reg_2142     |  32|   0|   32|          0|
    |B_cached_4_0_1_reg_2106     |  32|   0|   32|          0|
    |B_cached_4_1_1_reg_2070     |  32|   0|   32|          0|
    |B_cached_4_2_1_reg_2034     |  32|   0|   32|          0|
    |B_cached_4_3_1_reg_1998     |  32|   0|   32|          0|
    |B_cached_4_4_1_reg_1962     |  32|   0|   32|          0|
    |B_cached_4_5_1_reg_1926     |  32|   0|   32|          0|
    |B_cached_4_6_1_reg_1890     |  32|   0|   32|          0|
    |B_cached_4_7_1_reg_1854     |  32|   0|   32|          0|
    |B_cached_5_0_1_reg_1818     |  32|   0|   32|          0|
    |B_cached_5_1_1_reg_1794     |  32|   0|   32|          0|
    |B_cached_5_2_1_reg_1806     |  32|   0|   32|          0|
    |B_cached_5_3_1_reg_1830     |  32|   0|   32|          0|
    |B_cached_5_4_1_reg_1842     |  32|   0|   32|          0|
    |B_cached_5_5_1_reg_1866     |  32|   0|   32|          0|
    |B_cached_5_6_1_reg_1878     |  32|   0|   32|          0|
    |B_cached_5_7_1_reg_1902     |  32|   0|   32|          0|
    |B_cached_6_0_1_reg_1914     |  32|   0|   32|          0|
    |B_cached_6_1_1_reg_1938     |  32|   0|   32|          0|
    |B_cached_6_2_1_reg_1950     |  32|   0|   32|          0|
    |B_cached_6_3_1_reg_1974     |  32|   0|   32|          0|
    |B_cached_6_4_1_reg_1986     |  32|   0|   32|          0|
    |B_cached_6_5_1_reg_2010     |  32|   0|   32|          0|
    |B_cached_6_6_1_reg_2022     |  32|   0|   32|          0|
    |B_cached_6_7_1_reg_2046     |  32|   0|   32|          0|
    |B_cached_7_0_1_reg_2058     |  32|   0|   32|          0|
    |B_cached_7_1_1_reg_2082     |  32|   0|   32|          0|
    |B_cached_7_2_1_reg_2094     |  32|   0|   32|          0|
    |B_cached_7_3_1_reg_2118     |  32|   0|   32|          0|
    |B_cached_7_4_1_reg_2130     |  32|   0|   32|          0|
    |B_cached_7_5_1_reg_2154     |  32|   0|   32|          0|
    |B_cached_7_6_1_reg_2166     |  32|   0|   32|          0|
    |B_cached_7_7_1_reg_2190     |  32|   0|   32|          0|
    |ap_CS_fsm                   |   3|   0|    3|          0|
    |ap_done_reg                 |   1|   0|    1|          0|
    |ap_reg_ppiten_pp0_it0       |   1|   0|    1|          0|
    |ap_reg_ppiten_pp0_it1       |   1|   0|    1|          0|
    |exitcond_flatten_reg_15388  |   1|   0|    1|          0|
    |i_0_i_i_i_i_reg_1423        |   4|   0|    4|          0|
    |indvar_flatten_reg_1412     |   7|   0|    7|          0|
    |j_0_i_i_i_i_reg_2202        |   4|   0|    4|          0|
    +----------------------------+----+----+-----+-----------+
    |Total                       |2070|   0| 2070|          0|
    +----------------------------+----+----+-----+-----------+



================================================================
== Interface
================================================================
* Summary: 
+------------------+-----+-----+------------+------------------------------------+--------------+
|     RTL Ports    | Dir | Bits|  Protocol  |            Source Object           |    C Type    |
+------------------+-----+-----+------------+------------------------------------+--------------+
|ap_clk            |  in |    1| ap_ctrl_hs | DCT_MAT_Multiply_Loop_LoadRow_proc | return value |
|ap_rst            |  in |    1| ap_ctrl_hs | DCT_MAT_Multiply_Loop_LoadRow_proc | return value |
|ap_start          |  in |    1| ap_ctrl_hs | DCT_MAT_Multiply_Loop_LoadRow_proc | return value |
|ap_done           | out |    1| ap_ctrl_hs | DCT_MAT_Multiply_Loop_LoadRow_proc | return value |
|ap_continue       |  in |    1| ap_ctrl_hs | DCT_MAT_Multiply_Loop_LoadRow_proc | return value |
|ap_idle           | out |    1| ap_ctrl_hs | DCT_MAT_Multiply_Loop_LoadRow_proc | return value |
|ap_ready          | out |    1| ap_ctrl_hs | DCT_MAT_Multiply_Loop_LoadRow_proc | return value |
|ap_return_0       | out |   32| ap_ctrl_hs | DCT_MAT_Multiply_Loop_LoadRow_proc | return value |
|ap_return_1       | out |   32| ap_ctrl_hs | DCT_MAT_Multiply_Loop_LoadRow_proc | return value |
|ap_return_2       | out |   32| ap_ctrl_hs | DCT_MAT_Multiply_Loop_LoadRow_proc | return value |
|ap_return_3       | out |   32| ap_ctrl_hs | DCT_MAT_Multiply_Loop_LoadRow_proc | return value |
|ap_return_4       | out |   32| ap_ctrl_hs | DCT_MAT_Multiply_Loop_LoadRow_proc | return value |
|ap_return_5       | out |   32| ap_ctrl_hs | DCT_MAT_Multiply_Loop_LoadRow_proc | return value |
|ap_return_6       | out |   32| ap_ctrl_hs | DCT_MAT_Multiply_Loop_LoadRow_proc | return value |
|ap_return_7       | out |   32| ap_ctrl_hs | DCT_MAT_Multiply_Loop_LoadRow_proc | return value |
|ap_return_8       | out |   32| ap_ctrl_hs | DCT_MAT_Multiply_Loop_LoadRow_proc | return value |
|ap_return_9       | out |   32| ap_ctrl_hs | DCT_MAT_Multiply_Loop_LoadRow_proc | return value |
|ap_return_10      | out |   32| ap_ctrl_hs | DCT_MAT_Multiply_Loop_LoadRow_proc | return value |
|ap_return_11      | out |   32| ap_ctrl_hs | DCT_MAT_Multiply_Loop_LoadRow_proc | return value |
|ap_return_12      | out |   32| ap_ctrl_hs | DCT_MAT_Multiply_Loop_LoadRow_proc | return value |
|ap_return_13      | out |   32| ap_ctrl_hs | DCT_MAT_Multiply_Loop_LoadRow_proc | return value |
|ap_return_14      | out |   32| ap_ctrl_hs | DCT_MAT_Multiply_Loop_LoadRow_proc | return value |
|ap_return_15      | out |   32| ap_ctrl_hs | DCT_MAT_Multiply_Loop_LoadRow_proc | return value |
|ap_return_16      | out |   32| ap_ctrl_hs | DCT_MAT_Multiply_Loop_LoadRow_proc | return value |
|ap_return_17      | out |   32| ap_ctrl_hs | DCT_MAT_Multiply_Loop_LoadRow_proc | return value |
|ap_return_18      | out |   32| ap_ctrl_hs | DCT_MAT_Multiply_Loop_LoadRow_proc | return value |
|ap_return_19      | out |   32| ap_ctrl_hs | DCT_MAT_Multiply_Loop_LoadRow_proc | return value |
|ap_return_20      | out |   32| ap_ctrl_hs | DCT_MAT_Multiply_Loop_LoadRow_proc | return value |
|ap_return_21      | out |   32| ap_ctrl_hs | DCT_MAT_Multiply_Loop_LoadRow_proc | return value |
|ap_return_22      | out |   32| ap_ctrl_hs | DCT_MAT_Multiply_Loop_LoadRow_proc | return value |
|ap_return_23      | out |   32| ap_ctrl_hs | DCT_MAT_Multiply_Loop_LoadRow_proc | return value |
|ap_return_24      | out |   32| ap_ctrl_hs | DCT_MAT_Multiply_Loop_LoadRow_proc | return value |
|ap_return_25      | out |   32| ap_ctrl_hs | DCT_MAT_Multiply_Loop_LoadRow_proc | return value |
|ap_return_26      | out |   32| ap_ctrl_hs | DCT_MAT_Multiply_Loop_LoadRow_proc | return value |
|ap_return_27      | out |   32| ap_ctrl_hs | DCT_MAT_Multiply_Loop_LoadRow_proc | return value |
|ap_return_28      | out |   32| ap_ctrl_hs | DCT_MAT_Multiply_Loop_LoadRow_proc | return value |
|ap_return_29      | out |   32| ap_ctrl_hs | DCT_MAT_Multiply_Loop_LoadRow_proc | return value |
|ap_return_30      | out |   32| ap_ctrl_hs | DCT_MAT_Multiply_Loop_LoadRow_proc | return value |
|ap_return_31      | out |   32| ap_ctrl_hs | DCT_MAT_Multiply_Loop_LoadRow_proc | return value |
|ap_return_32      | out |   32| ap_ctrl_hs | DCT_MAT_Multiply_Loop_LoadRow_proc | return value |
|ap_return_33      | out |   32| ap_ctrl_hs | DCT_MAT_Multiply_Loop_LoadRow_proc | return value |
|ap_return_34      | out |   32| ap_ctrl_hs | DCT_MAT_Multiply_Loop_LoadRow_proc | return value |
|ap_return_35      | out |   32| ap_ctrl_hs | DCT_MAT_Multiply_Loop_LoadRow_proc | return value |
|ap_return_36      | out |   32| ap_ctrl_hs | DCT_MAT_Multiply_Loop_LoadRow_proc | return value |
|ap_return_37      | out |   32| ap_ctrl_hs | DCT_MAT_Multiply_Loop_LoadRow_proc | return value |
|ap_return_38      | out |   32| ap_ctrl_hs | DCT_MAT_Multiply_Loop_LoadRow_proc | return value |
|ap_return_39      | out |   32| ap_ctrl_hs | DCT_MAT_Multiply_Loop_LoadRow_proc | return value |
|ap_return_40      | out |   32| ap_ctrl_hs | DCT_MAT_Multiply_Loop_LoadRow_proc | return value |
|ap_return_41      | out |   32| ap_ctrl_hs | DCT_MAT_Multiply_Loop_LoadRow_proc | return value |
|ap_return_42      | out |   32| ap_ctrl_hs | DCT_MAT_Multiply_Loop_LoadRow_proc | return value |
|ap_return_43      | out |   32| ap_ctrl_hs | DCT_MAT_Multiply_Loop_LoadRow_proc | return value |
|ap_return_44      | out |   32| ap_ctrl_hs | DCT_MAT_Multiply_Loop_LoadRow_proc | return value |
|ap_return_45      | out |   32| ap_ctrl_hs | DCT_MAT_Multiply_Loop_LoadRow_proc | return value |
|ap_return_46      | out |   32| ap_ctrl_hs | DCT_MAT_Multiply_Loop_LoadRow_proc | return value |
|ap_return_47      | out |   32| ap_ctrl_hs | DCT_MAT_Multiply_Loop_LoadRow_proc | return value |
|ap_return_48      | out |   32| ap_ctrl_hs | DCT_MAT_Multiply_Loop_LoadRow_proc | return value |
|ap_return_49      | out |   32| ap_ctrl_hs | DCT_MAT_Multiply_Loop_LoadRow_proc | return value |
|ap_return_50      | out |   32| ap_ctrl_hs | DCT_MAT_Multiply_Loop_LoadRow_proc | return value |
|ap_return_51      | out |   32| ap_ctrl_hs | DCT_MAT_Multiply_Loop_LoadRow_proc | return value |
|ap_return_52      | out |   32| ap_ctrl_hs | DCT_MAT_Multiply_Loop_LoadRow_proc | return value |
|ap_return_53      | out |   32| ap_ctrl_hs | DCT_MAT_Multiply_Loop_LoadRow_proc | return value |
|ap_return_54      | out |   32| ap_ctrl_hs | DCT_MAT_Multiply_Loop_LoadRow_proc | return value |
|ap_return_55      | out |   32| ap_ctrl_hs | DCT_MAT_Multiply_Loop_LoadRow_proc | return value |
|ap_return_56      | out |   32| ap_ctrl_hs | DCT_MAT_Multiply_Loop_LoadRow_proc | return value |
|ap_return_57      | out |   32| ap_ctrl_hs | DCT_MAT_Multiply_Loop_LoadRow_proc | return value |
|ap_return_58      | out |   32| ap_ctrl_hs | DCT_MAT_Multiply_Loop_LoadRow_proc | return value |
|ap_return_59      | out |   32| ap_ctrl_hs | DCT_MAT_Multiply_Loop_LoadRow_proc | return value |
|ap_return_60      | out |   32| ap_ctrl_hs | DCT_MAT_Multiply_Loop_LoadRow_proc | return value |
|ap_return_61      | out |   32| ap_ctrl_hs | DCT_MAT_Multiply_Loop_LoadRow_proc | return value |
|ap_return_62      | out |   32| ap_ctrl_hs | DCT_MAT_Multiply_Loop_LoadRow_proc | return value |
|ap_return_63      | out |   32| ap_ctrl_hs | DCT_MAT_Multiply_Loop_LoadRow_proc | return value |
|B_dout            |  in |   32|   ap_fifo  |                  B                 |    pointer   |
|B_empty_n         |  in |    1|   ap_fifo  |                  B                 |    pointer   |
|B_read            | out |    1|   ap_fifo  |                  B                 |    pointer   |
|p_read191         |  in |   32|   ap_none  |              p_read191             |    scalar    |
|p_read192         |  in |   32|   ap_none  |              p_read192             |    scalar    |
|p_read193         |  in |   32|   ap_none  |              p_read193             |    scalar    |
|p_read195         |  in |   32|   ap_none  |              p_read195             |    scalar    |
|p_read196         |  in |   32|   ap_none  |              p_read196             |    scalar    |
|p_read197         |  in |   32|   ap_none  |              p_read197             |    scalar    |
|p_read198         |  in |   32|   ap_none  |              p_read198             |    scalar    |
|p_read199         |  in |   32|   ap_none  |              p_read199             |    scalar    |
|p_read200         |  in |   32|   ap_none  |              p_read200             |    scalar    |
|p_read201         |  in |   32|   ap_none  |              p_read201             |    scalar    |
|p_read202         |  in |   32|   ap_none  |              p_read202             |    scalar    |
|p_read203         |  in |   32|   ap_none  |              p_read203             |    scalar    |
|p_read204         |  in |   32|   ap_none  |              p_read204             |    scalar    |
|p_read205         |  in |   32|   ap_none  |              p_read205             |    scalar    |
|p_read206         |  in |   32|   ap_none  |              p_read206             |    scalar    |
|p_read207         |  in |   32|   ap_none  |              p_read207             |    scalar    |
|p_read208         |  in |   32|   ap_none  |              p_read208             |    scalar    |
|p_read209         |  in |   32|   ap_none  |              p_read209             |    scalar    |
|p_read210         |  in |   32|   ap_none  |              p_read210             |    scalar    |
|p_read211         |  in |   32|   ap_none  |              p_read211             |    scalar    |
|p_read212         |  in |   32|   ap_none  |              p_read212             |    scalar    |
|p_read213         |  in |   32|   ap_none  |              p_read213             |    scalar    |
|p_read214         |  in |   32|   ap_none  |              p_read214             |    scalar    |
|p_read216         |  in |   32|   ap_none  |              p_read216             |    scalar    |
|p_read217         |  in |   32|   ap_none  |              p_read217             |    scalar    |
|p_read218         |  in |   32|   ap_none  |              p_read218             |    scalar    |
|p_read219         |  in |   32|   ap_none  |              p_read219             |    scalar    |
|p_read223         |  in |   32|   ap_none  |              p_read223             |    scalar    |
|p_read224         |  in |   32|   ap_none  |              p_read224             |    scalar    |
|p_read225         |  in |   32|   ap_none  |              p_read225             |    scalar    |
|p_read226         |  in |   32|   ap_none  |              p_read226             |    scalar    |
|p_read227         |  in |   32|   ap_none  |              p_read227             |    scalar    |
|p_read228         |  in |   32|   ap_none  |              p_read228             |    scalar    |
|p_read231         |  in |   32|   ap_none  |              p_read231             |    scalar    |
|p_read232         |  in |   32|   ap_none  |              p_read232             |    scalar    |
|p_read234         |  in |   32|   ap_none  |              p_read234             |    scalar    |
|p_read235         |  in |   32|   ap_none  |              p_read235             |    scalar    |
|p_read236         |  in |   32|   ap_none  |              p_read236             |    scalar    |
|p_read237         |  in |   32|   ap_none  |              p_read237             |    scalar    |
|p_read238         |  in |   32|   ap_none  |              p_read238             |    scalar    |
|p_read239         |  in |   32|   ap_none  |              p_read239             |    scalar    |
|p_read240         |  in |   32|   ap_none  |              p_read240             |    scalar    |
|p_read241         |  in |   32|   ap_none  |              p_read241             |    scalar    |
|p_read243         |  in |   32|   ap_none  |              p_read243             |    scalar    |
|p_read244         |  in |   32|   ap_none  |              p_read244             |    scalar    |
|p_read245         |  in |   32|   ap_none  |              p_read245             |    scalar    |
|p_read246         |  in |   32|   ap_none  |              p_read246             |    scalar    |
|p_read247         |  in |   32|   ap_none  |              p_read247             |    scalar    |
|p_read248         |  in |   32|   ap_none  |              p_read248             |    scalar    |
|p_read249         |  in |   32|   ap_none  |              p_read249             |    scalar    |
|p_read250         |  in |   32|   ap_none  |              p_read250             |    scalar    |
|p_read251         |  in |   32|   ap_none  |              p_read251             |    scalar    |
|p_read252         |  in |   32|   ap_none  |              p_read252             |    scalar    |
|p_read253         |  in |   32|   ap_none  |              p_read253             |    scalar    |
|A_1_1_out_din     | out |   32|   ap_fifo  |              A_1_1_out             |    pointer   |
|A_1_1_out_full_n  |  in |    1|   ap_fifo  |              A_1_1_out             |    pointer   |
|A_1_1_out_write   | out |    1|   ap_fifo  |              A_1_1_out             |    pointer   |
|A_3_4_out_din     | out |   32|   ap_fifo  |              A_3_4_out             |    pointer   |
|A_3_4_out_full_n  |  in |    1|   ap_fifo  |              A_3_4_out             |    pointer   |
|A_3_4_out_write   | out |    1|   ap_fifo  |              A_3_4_out             |    pointer   |
|A_6_2_out_din     | out |   32|   ap_fifo  |              A_6_2_out             |    pointer   |
|A_6_2_out_full_n  |  in |    1|   ap_fifo  |              A_6_2_out             |    pointer   |
|A_6_2_out_write   | out |    1|   ap_fifo  |              A_6_2_out             |    pointer   |
|A_1_6_out_din     | out |   32|   ap_fifo  |              A_1_6_out             |    pointer   |
|A_1_6_out_full_n  |  in |    1|   ap_fifo  |              A_1_6_out             |    pointer   |
|A_1_6_out_write   | out |    1|   ap_fifo  |              A_1_6_out             |    pointer   |
|A_4_4_out_din     | out |   32|   ap_fifo  |              A_4_4_out             |    pointer   |
|A_4_4_out_full_n  |  in |    1|   ap_fifo  |              A_4_4_out             |    pointer   |
|A_4_4_out_write   | out |    1|   ap_fifo  |              A_4_4_out             |    pointer   |
|A_3_7_out_din     | out |   32|   ap_fifo  |              A_3_7_out             |    pointer   |
|A_3_7_out_full_n  |  in |    1|   ap_fifo  |              A_3_7_out             |    pointer   |
|A_3_7_out_write   | out |    1|   ap_fifo  |              A_3_7_out             |    pointer   |
|A_3_6_out_din     | out |   32|   ap_fifo  |              A_3_6_out             |    pointer   |
|A_3_6_out_full_n  |  in |    1|   ap_fifo  |              A_3_6_out             |    pointer   |
|A_3_6_out_write   | out |    1|   ap_fifo  |              A_3_6_out             |    pointer   |
|A_3_0_out_din     | out |   32|   ap_fifo  |              A_3_0_out             |    pointer   |
|A_3_0_out_full_n  |  in |    1|   ap_fifo  |              A_3_0_out             |    pointer   |
|A_3_0_out_write   | out |    1|   ap_fifo  |              A_3_0_out             |    pointer   |
|A_6_3_out_din     | out |   32|   ap_fifo  |              A_6_3_out             |    pointer   |
|A_6_3_out_full_n  |  in |    1|   ap_fifo  |              A_6_3_out             |    pointer   |
|A_6_3_out_write   | out |    1|   ap_fifo  |              A_6_3_out             |    pointer   |
|A_0_5_out_din     | out |   32|   ap_fifo  |              A_0_5_out             |    pointer   |
|A_0_5_out_full_n  |  in |    1|   ap_fifo  |              A_0_5_out             |    pointer   |
|A_0_5_out_write   | out |    1|   ap_fifo  |              A_0_5_out             |    pointer   |
|A_6_0_out_din     | out |   32|   ap_fifo  |              A_6_0_out             |    pointer   |
|A_6_0_out_full_n  |  in |    1|   ap_fifo  |              A_6_0_out             |    pointer   |
|A_6_0_out_write   | out |    1|   ap_fifo  |              A_6_0_out             |    pointer   |
|A_2_3_out_din     | out |   32|   ap_fifo  |              A_2_3_out             |    pointer   |
|A_2_3_out_full_n  |  in |    1|   ap_fifo  |              A_2_3_out             |    pointer   |
|A_2_3_out_write   | out |    1|   ap_fifo  |              A_2_3_out             |    pointer   |
|A_2_7_out_din     | out |   32|   ap_fifo  |              A_2_7_out             |    pointer   |
|A_2_7_out_full_n  |  in |    1|   ap_fifo  |              A_2_7_out             |    pointer   |
|A_2_7_out_write   | out |    1|   ap_fifo  |              A_2_7_out             |    pointer   |
|A_5_2_out_din     | out |   32|   ap_fifo  |              A_5_2_out             |    pointer   |
|A_5_2_out_full_n  |  in |    1|   ap_fifo  |              A_5_2_out             |    pointer   |
|A_5_2_out_write   | out |    1|   ap_fifo  |              A_5_2_out             |    pointer   |
|A_4_5_out_din     | out |   32|   ap_fifo  |              A_4_5_out             |    pointer   |
|A_4_5_out_full_n  |  in |    1|   ap_fifo  |              A_4_5_out             |    pointer   |
|A_4_5_out_write   | out |    1|   ap_fifo  |              A_4_5_out             |    pointer   |
|A_1_7_out_din     | out |   32|   ap_fifo  |              A_1_7_out             |    pointer   |
|A_1_7_out_full_n  |  in |    1|   ap_fifo  |              A_1_7_out             |    pointer   |
|A_1_7_out_write   | out |    1|   ap_fifo  |              A_1_7_out             |    pointer   |
|A_3_1_out_din     | out |   32|   ap_fifo  |              A_3_1_out             |    pointer   |
|A_3_1_out_full_n  |  in |    1|   ap_fifo  |              A_3_1_out             |    pointer   |
|A_3_1_out_write   | out |    1|   ap_fifo  |              A_3_1_out             |    pointer   |
|A_5_0_out_din     | out |   32|   ap_fifo  |              A_5_0_out             |    pointer   |
|A_5_0_out_full_n  |  in |    1|   ap_fifo  |              A_5_0_out             |    pointer   |
|A_5_0_out_write   | out |    1|   ap_fifo  |              A_5_0_out             |    pointer   |
|A_7_3_out_din     | out |   32|   ap_fifo  |              A_7_3_out             |    pointer   |
|A_7_3_out_full_n  |  in |    1|   ap_fifo  |              A_7_3_out             |    pointer   |
|A_7_3_out_write   | out |    1|   ap_fifo  |              A_7_3_out             |    pointer   |
|A_7_6_out_din     | out |   32|   ap_fifo  |              A_7_6_out             |    pointer   |
|A_7_6_out_full_n  |  in |    1|   ap_fifo  |              A_7_6_out             |    pointer   |
|A_7_6_out_write   | out |    1|   ap_fifo  |              A_7_6_out             |    pointer   |
|A_6_7_out_din     | out |   32|   ap_fifo  |              A_6_7_out             |    pointer   |
|A_6_7_out_full_n  |  in |    1|   ap_fifo  |              A_6_7_out             |    pointer   |
|A_6_7_out_write   | out |    1|   ap_fifo  |              A_6_7_out             |    pointer   |
|A_7_0_out_din     | out |   32|   ap_fifo  |              A_7_0_out             |    pointer   |
|A_7_0_out_full_n  |  in |    1|   ap_fifo  |              A_7_0_out             |    pointer   |
|A_7_0_out_write   | out |    1|   ap_fifo  |              A_7_0_out             |    pointer   |
|A_6_4_out_din     | out |   32|   ap_fifo  |              A_6_4_out             |    pointer   |
|A_6_4_out_full_n  |  in |    1|   ap_fifo  |              A_6_4_out             |    pointer   |
|A_6_4_out_write   | out |    1|   ap_fifo  |              A_6_4_out             |    pointer   |
|A_2_4_out_din     | out |   32|   ap_fifo  |              A_2_4_out             |    pointer   |
|A_2_4_out_full_n  |  in |    1|   ap_fifo  |              A_2_4_out             |    pointer   |
|A_2_4_out_write   | out |    1|   ap_fifo  |              A_2_4_out             |    pointer   |
|A_4_6_out_din     | out |   32|   ap_fifo  |              A_4_6_out             |    pointer   |
|A_4_6_out_full_n  |  in |    1|   ap_fifo  |              A_4_6_out             |    pointer   |
|A_4_6_out_write   | out |    1|   ap_fifo  |              A_4_6_out             |    pointer   |
|A_2_2_out_din     | out |   32|   ap_fifo  |              A_2_2_out             |    pointer   |
|A_2_2_out_full_n  |  in |    1|   ap_fifo  |              A_2_2_out             |    pointer   |
|A_2_2_out_write   | out |    1|   ap_fifo  |              A_2_2_out             |    pointer   |
|A_5_3_out_din     | out |   32|   ap_fifo  |              A_5_3_out             |    pointer   |
|A_5_3_out_full_n  |  in |    1|   ap_fifo  |              A_5_3_out             |    pointer   |
|A_5_3_out_write   | out |    1|   ap_fifo  |              A_5_3_out             |    pointer   |
|A_2_5_out_din     | out |   32|   ap_fifo  |              A_2_5_out             |    pointer   |
|A_2_5_out_full_n  |  in |    1|   ap_fifo  |              A_2_5_out             |    pointer   |
|A_2_5_out_write   | out |    1|   ap_fifo  |              A_2_5_out             |    pointer   |
|A_0_6_out_din     | out |   32|   ap_fifo  |              A_0_6_out             |    pointer   |
|A_0_6_out_full_n  |  in |    1|   ap_fifo  |              A_0_6_out             |    pointer   |
|A_0_6_out_write   | out |    1|   ap_fifo  |              A_0_6_out             |    pointer   |
|A_7_5_out_din     | out |   32|   ap_fifo  |              A_7_5_out             |    pointer   |
|A_7_5_out_full_n  |  in |    1|   ap_fifo  |              A_7_5_out             |    pointer   |
|A_7_5_out_write   | out |    1|   ap_fifo  |              A_7_5_out             |    pointer   |
|A_0_4_out_din     | out |   32|   ap_fifo  |              A_0_4_out             |    pointer   |
|A_0_4_out_full_n  |  in |    1|   ap_fifo  |              A_0_4_out             |    pointer   |
|A_0_4_out_write   | out |    1|   ap_fifo  |              A_0_4_out             |    pointer   |
|A_0_0_out_din     | out |   32|   ap_fifo  |              A_0_0_out             |    pointer   |
|A_0_0_out_full_n  |  in |    1|   ap_fifo  |              A_0_0_out             |    pointer   |
|A_0_0_out_write   | out |    1|   ap_fifo  |              A_0_0_out             |    pointer   |
|A_7_7_out_din     | out |   32|   ap_fifo  |              A_7_7_out             |    pointer   |
|A_7_7_out_full_n  |  in |    1|   ap_fifo  |              A_7_7_out             |    pointer   |
|A_7_7_out_write   | out |    1|   ap_fifo  |              A_7_7_out             |    pointer   |
|A_1_0_out_din     | out |   32|   ap_fifo  |              A_1_0_out             |    pointer   |
|A_1_0_out_full_n  |  in |    1|   ap_fifo  |              A_1_0_out             |    pointer   |
|A_1_0_out_write   | out |    1|   ap_fifo  |              A_1_0_out             |    pointer   |
|A_4_2_out_din     | out |   32|   ap_fifo  |              A_4_2_out             |    pointer   |
|A_4_2_out_full_n  |  in |    1|   ap_fifo  |              A_4_2_out             |    pointer   |
|A_4_2_out_write   | out |    1|   ap_fifo  |              A_4_2_out             |    pointer   |
|A_3_5_out_din     | out |   32|   ap_fifo  |              A_3_5_out             |    pointer   |
|A_3_5_out_full_n  |  in |    1|   ap_fifo  |              A_3_5_out             |    pointer   |
|A_3_5_out_write   | out |    1|   ap_fifo  |              A_3_5_out             |    pointer   |
|A_1_3_out_din     | out |   32|   ap_fifo  |              A_1_3_out             |    pointer   |
|A_1_3_out_full_n  |  in |    1|   ap_fifo  |              A_1_3_out             |    pointer   |
|A_1_3_out_write   | out |    1|   ap_fifo  |              A_1_3_out             |    pointer   |
|A_6_1_out_din     | out |   32|   ap_fifo  |              A_6_1_out             |    pointer   |
|A_6_1_out_full_n  |  in |    1|   ap_fifo  |              A_6_1_out             |    pointer   |
|A_6_1_out_write   | out |    1|   ap_fifo  |              A_6_1_out             |    pointer   |
|A_1_2_out_din     | out |   32|   ap_fifo  |              A_1_2_out             |    pointer   |
|A_1_2_out_full_n  |  in |    1|   ap_fifo  |              A_1_2_out             |    pointer   |
|A_1_2_out_write   | out |    1|   ap_fifo  |              A_1_2_out             |    pointer   |
|A_5_5_out_din     | out |   32|   ap_fifo  |              A_5_5_out             |    pointer   |
|A_5_5_out_full_n  |  in |    1|   ap_fifo  |              A_5_5_out             |    pointer   |
|A_5_5_out_write   | out |    1|   ap_fifo  |              A_5_5_out             |    pointer   |
|A_6_6_out_din     | out |   32|   ap_fifo  |              A_6_6_out             |    pointer   |
|A_6_6_out_full_n  |  in |    1|   ap_fifo  |              A_6_6_out             |    pointer   |
|A_6_6_out_write   | out |    1|   ap_fifo  |              A_6_6_out             |    pointer   |
|A_5_7_out_din     | out |   32|   ap_fifo  |              A_5_7_out             |    pointer   |
|A_5_7_out_full_n  |  in |    1|   ap_fifo  |              A_5_7_out             |    pointer   |
|A_5_7_out_write   | out |    1|   ap_fifo  |              A_5_7_out             |    pointer   |
|A_0_7_out_din     | out |   32|   ap_fifo  |              A_0_7_out             |    pointer   |
|A_0_7_out_full_n  |  in |    1|   ap_fifo  |              A_0_7_out             |    pointer   |
|A_0_7_out_write   | out |    1|   ap_fifo  |              A_0_7_out             |    pointer   |
|A_3_3_out_din     | out |   32|   ap_fifo  |              A_3_3_out             |    pointer   |
|A_3_3_out_full_n  |  in |    1|   ap_fifo  |              A_3_3_out             |    pointer   |
|A_3_3_out_write   | out |    1|   ap_fifo  |              A_3_3_out             |    pointer   |
|A_0_1_out_din     | out |   32|   ap_fifo  |              A_0_1_out             |    pointer   |
|A_0_1_out_full_n  |  in |    1|   ap_fifo  |              A_0_1_out             |    pointer   |
|A_0_1_out_write   | out |    1|   ap_fifo  |              A_0_1_out             |    pointer   |
|A_5_6_out_din     | out |   32|   ap_fifo  |              A_5_6_out             |    pointer   |
|A_5_6_out_full_n  |  in |    1|   ap_fifo  |              A_5_6_out             |    pointer   |
|A_5_6_out_write   | out |    1|   ap_fifo  |              A_5_6_out             |    pointer   |
|A_1_4_out_din     | out |   32|   ap_fifo  |              A_1_4_out             |    pointer   |
|A_1_4_out_full_n  |  in |    1|   ap_fifo  |              A_1_4_out             |    pointer   |
|A_1_4_out_write   | out |    1|   ap_fifo  |              A_1_4_out             |    pointer   |
|A_7_1_out_din     | out |   32|   ap_fifo  |              A_7_1_out             |    pointer   |
|A_7_1_out_full_n  |  in |    1|   ap_fifo  |              A_7_1_out             |    pointer   |
|A_7_1_out_write   | out |    1|   ap_fifo  |              A_7_1_out             |    pointer   |
|A_2_6_out_din     | out |   32|   ap_fifo  |              A_2_6_out             |    pointer   |
|A_2_6_out_full_n  |  in |    1|   ap_fifo  |              A_2_6_out             |    pointer   |
|A_2_6_out_write   | out |    1|   ap_fifo  |              A_2_6_out             |    pointer   |
|A_5_4_out_din     | out |   32|   ap_fifo  |              A_5_4_out             |    pointer   |
|A_5_4_out_full_n  |  in |    1|   ap_fifo  |              A_5_4_out             |    pointer   |
|A_5_4_out_write   | out |    1|   ap_fifo  |              A_5_4_out             |    pointer   |
|A_4_1_out_din     | out |   32|   ap_fifo  |              A_4_1_out             |    pointer   |
|A_4_1_out_full_n  |  in |    1|   ap_fifo  |              A_4_1_out             |    pointer   |
|A_4_1_out_write   | out |    1|   ap_fifo  |              A_4_1_out             |    pointer   |
|A_7_4_out_din     | out |   32|   ap_fifo  |              A_7_4_out             |    pointer   |
|A_7_4_out_full_n  |  in |    1|   ap_fifo  |              A_7_4_out             |    pointer   |
|A_7_4_out_write   | out |    1|   ap_fifo  |              A_7_4_out             |    pointer   |
|A_4_0_out_din     | out |   32|   ap_fifo  |              A_4_0_out             |    pointer   |
|A_4_0_out_full_n  |  in |    1|   ap_fifo  |              A_4_0_out             |    pointer   |
|A_4_0_out_write   | out |    1|   ap_fifo  |              A_4_0_out             |    pointer   |
|A_2_0_out_din     | out |   32|   ap_fifo  |              A_2_0_out             |    pointer   |
|A_2_0_out_full_n  |  in |    1|   ap_fifo  |              A_2_0_out             |    pointer   |
|A_2_0_out_write   | out |    1|   ap_fifo  |              A_2_0_out             |    pointer   |
|A_5_1_out_din     | out |   32|   ap_fifo  |              A_5_1_out             |    pointer   |
|A_5_1_out_full_n  |  in |    1|   ap_fifo  |              A_5_1_out             |    pointer   |
|A_5_1_out_write   | out |    1|   ap_fifo  |              A_5_1_out             |    pointer   |
|A_4_3_out_din     | out |   32|   ap_fifo  |              A_4_3_out             |    pointer   |
|A_4_3_out_full_n  |  in |    1|   ap_fifo  |              A_4_3_out             |    pointer   |
|A_4_3_out_write   | out |    1|   ap_fifo  |              A_4_3_out             |    pointer   |
|A_4_7_out_din     | out |   32|   ap_fifo  |              A_4_7_out             |    pointer   |
|A_4_7_out_full_n  |  in |    1|   ap_fifo  |              A_4_7_out             |    pointer   |
|A_4_7_out_write   | out |    1|   ap_fifo  |              A_4_7_out             |    pointer   |
|A_7_2_out_din     | out |   32|   ap_fifo  |              A_7_2_out             |    pointer   |
|A_7_2_out_full_n  |  in |    1|   ap_fifo  |              A_7_2_out             |    pointer   |
|A_7_2_out_write   | out |    1|   ap_fifo  |              A_7_2_out             |    pointer   |
|A_0_3_out_din     | out |   32|   ap_fifo  |              A_0_3_out             |    pointer   |
|A_0_3_out_full_n  |  in |    1|   ap_fifo  |              A_0_3_out             |    pointer   |
|A_0_3_out_write   | out |    1|   ap_fifo  |              A_0_3_out             |    pointer   |
|A_2_1_out_din     | out |   32|   ap_fifo  |              A_2_1_out             |    pointer   |
|A_2_1_out_full_n  |  in |    1|   ap_fifo  |              A_2_1_out             |    pointer   |
|A_2_1_out_write   | out |    1|   ap_fifo  |              A_2_1_out             |    pointer   |
|A_6_5_out_din     | out |   32|   ap_fifo  |              A_6_5_out             |    pointer   |
|A_6_5_out_full_n  |  in |    1|   ap_fifo  |              A_6_5_out             |    pointer   |
|A_6_5_out_write   | out |    1|   ap_fifo  |              A_6_5_out             |    pointer   |
|A_3_2_out_din     | out |   32|   ap_fifo  |              A_3_2_out             |    pointer   |
|A_3_2_out_full_n  |  in |    1|   ap_fifo  |              A_3_2_out             |    pointer   |
|A_3_2_out_write   | out |    1|   ap_fifo  |              A_3_2_out             |    pointer   |
|A_0_2_out_din     | out |   32|   ap_fifo  |              A_0_2_out             |    pointer   |
|A_0_2_out_full_n  |  in |    1|   ap_fifo  |              A_0_2_out             |    pointer   |
|A_0_2_out_write   | out |    1|   ap_fifo  |              A_0_2_out             |    pointer   |
|A_1_5_out_din     | out |   32|   ap_fifo  |              A_1_5_out             |    pointer   |
|A_1_5_out_full_n  |  in |    1|   ap_fifo  |              A_1_5_out             |    pointer   |
|A_1_5_out_write   | out |    1|   ap_fifo  |              A_1_5_out             |    pointer   |
+------------------+-----+-----+------------+------------------------------------+--------------+

