

================================================================
== Vivado HLS Report for 'MAT_Multiply'
================================================================
* Date:           Sat Sep 26 21:18:15 2015

* Version:        2015.1 (Build 1215546 on Mon Apr 27 19:24:50 PM 2015)
* Project:        parta
* Solution:       solution1
* Product family: zynq
* Target device:  xc7z020clg484-1


================================================================
== Performance Estimates
================================================================
+ Timing (ns): 
    * Summary: 
    +---------+-------+----------+------------+
    |  Clock  | Target| Estimated| Uncertainty|
    +---------+-------+----------+------------+
    |default  |  10.00|      7.86|        1.25|
    +---------+-------+----------+------------+

+ Latency (clock cycles): 
    * Summary: 
    +-----+---------+-----+---------+---------+
    |    Latency    |    Interval   | Pipeline|
    | min |   max   | min |   max   |   Type  |
    +-----+---------+-----+---------+---------+
    |    1|  9030402|    2|  9030403|   none  |
    +-----+---------+-----+---------+---------+

    + Detail: 
        * Instance: 
        N/A

        * Loop: 
        +-----------------+---------+---------+---------------+-----------+-----------+------+----------+
        |                 |      Latency      |   Iteration   |  Initiation Interval  | Trip |          |
        |    Loop Name    |   min   |   max   |    Latency    |  achieved |   target  | Count| Pipelined|
        +-----------------+---------+---------+---------------+-----------+-----------+------+----------+
        |- Loop 1         |    10200|    10200|            102|          -|          -|   100|    no    |
        | + Loop 1.1      |      100|      100|              1|          -|          -|   100|    no    |
        |- Loop 2         |  2020200|  9020200| 20202 ~ 90202 |          -|          -|   100|    no    |
        | + Loop 2.1      |    20200|    90200|   202 ~ 902   |          -|          -|   100|    no    |
        |  ++ Loop 2.1.1  |      200|      900|     2 ~ 9     |          -|          -|   100|    no    |
        +-----------------+---------+---------+---------------+-----------+-----------+------+----------+



================================================================
== Utilization Estimates
================================================================
* Summary: 
+-----------------+---------+-------+--------+-------+
|       Name      | BRAM_18K| DSP48E|   FF   |  LUT  |
+-----------------+---------+-------+--------+-------+
|Expression       |        -|      -|       -|      -|
|FIFO             |        -|      -|       -|      -|
|Instance         |        -|      -|       -|      -|
|Memory           |        -|      -|       -|      -|
|Multiplexer      |        -|      -|       -|      -|
|Register         |        -|      -|       -|      -|
+-----------------+---------+-------+--------+-------+
|Total            |        0|      0|       0|      0|
+-----------------+---------+-------+--------+-------+
|Available        |      280|    220|  106400|  53200|
+-----------------+---------+-------+--------+-------+
|Utilization (%)  |        0|      0|       0|      0|
+-----------------+---------+-------+--------+-------+

+ Detail: 
    * Instance: 
    N/A

    * Memory: 
    N/A

    * FIFO: 
    N/A

    * Expression: 
    N/A

    * Multiplexer: 
    N/A

    * Register: 
    N/A



================================================================
== Interface
================================================================
* Summary: 
N/A

============================================================
+ Verbose Summary: Synthesis Manager
============================================================
InlineROM: 1
ExposeGlobal: 0
============================================================
+ Verbose Summary: CDFG Model
============================================================
IsTopModel: 1
ResetActiveHigh: 1
IsCombinational: 0
IsDatapathOnly: 0
HasWiredReturn: 1
HasMFsm: 0
HasVarLatency: 1
IsPipeline: 0
IsRtlPipelined: 0
IsInstanceOverlapped: 0
IsDontTouch: 0
HasImplIP: 0
IsGatedGlobalClock: 0


============================================================
+ Verbose Summary: Schedule
============================================================
* Number of FSM states: 14
* Pipeline: 0
* Dataflow Pipeline: 0

* FSM state transitions: 
1 --> 
	4  / (!tmp)
	2  / (tmp)
2 --> 
	3  / (!exitcond4)
	4  / (exitcond4)
3 --> 
	2  / (exitcond3)
	3  / (!exitcond3)
4 --> 
	5  / (tmp & !exitcond2)
5 --> 
	4  / (exitcond1)
	6  / (!exitcond1)
6 --> 
	5  / (exitcond)
	7  / (!exitcond & or_cond5)
	14  / (!exitcond & !or_cond5)
7 --> 
	8  / true
8 --> 
	9  / true
9 --> 
	10  / true
10 --> 
	11  / true
11 --> 
	12  / true
12 --> 
	13  / true
13 --> 
	14  / true
14 --> 
	6  / true
* FSM state operations: 

 <State 1>: 2.00ns
ST_1: stg_15 [1/1] 0.00ns
:0  call void (...)* @_ssdm_op_SpecBitsMap([10000 x i32]* %A) nounwind, !map !0

ST_1: stg_16 [1/1] 0.00ns
:1  call void (...)* @_ssdm_op_SpecBitsMap([10000 x i32]* %B) nounwind, !map !6

ST_1: stg_17 [1/1] 0.00ns
:2  call void (...)* @_ssdm_op_SpecBitsMap([10000 x i32]* %C) nounwind, !map !10

ST_1: stg_18 [1/1] 0.00ns
:3  call void (...)* @_ssdm_op_SpecBitsMap(i8 %mA) nounwind, !map !14

ST_1: stg_19 [1/1] 0.00ns
:4  call void (...)* @_ssdm_op_SpecBitsMap(i8 %nA) nounwind, !map !20

ST_1: stg_20 [1/1] 0.00ns
:5  call void (...)* @_ssdm_op_SpecBitsMap(i8 %mB) nounwind, !map !24

ST_1: stg_21 [1/1] 0.00ns
:6  call void (...)* @_ssdm_op_SpecBitsMap(i8 %nB) nounwind, !map !28

ST_1: stg_22 [1/1] 0.00ns
:7  call void (...)* @_ssdm_op_SpecBitsMap(i8* %mC) nounwind, !map !32

ST_1: stg_23 [1/1] 0.00ns
:8  call void (...)* @_ssdm_op_SpecBitsMap(i8* %nC) nounwind, !map !38

ST_1: stg_24 [1/1] 0.00ns
:9  call void (...)* @_ssdm_op_SpecTopModule([13 x i8]* @str) nounwind

ST_1: nB_read [1/1] 0.00ns
:10  %nB_read = call i8 @_ssdm_op_Read.ap_auto.i8(i8 %nB) nounwind

ST_1: mB_read [1/1] 0.00ns
:11  %mB_read = call i8 @_ssdm_op_Read.ap_auto.i8(i8 %mB) nounwind

ST_1: nA_read [1/1] 0.00ns
:12  %nA_read = call i8 @_ssdm_op_Read.ap_auto.i8(i8 %nA) nounwind

ST_1: mA_read [1/1] 0.00ns
:13  %mA_read = call i8 @_ssdm_op_Read.ap_auto.i8(i8 %mA) nounwind

ST_1: tmp [1/1] 2.00ns
:14  %tmp = icmp eq i8 %nA_read, %mB_read

ST_1: stg_30 [1/1] 0.00ns
:15  br i1 %tmp, label %1, label %5

ST_1: stg_31 [1/1] 0.00ns
:0  call void @_ssdm_op_Write.ap_auto.i8P(i8* %mC, i8 0) nounwind

ST_1: stg_32 [1/1] 0.00ns
:1  call void @_ssdm_op_Write.ap_auto.i8P(i8* %nC, i8 0) nounwind

ST_1: stg_33 [1/1] 0.00ns
:2  br label %.loopexit

ST_1: stg_34 [1/1] 0.00ns
:0  call void @_ssdm_op_Write.ap_auto.i8P(i8* %mC, i8 %mA_read) nounwind

ST_1: stg_35 [1/1] 0.00ns
:1  call void @_ssdm_op_Write.ap_auto.i8P(i8* %nC, i8 %nB_read) nounwind

ST_1: stg_36 [1/1] 1.57ns
:2  br label %.loopexit19


 <State 2>: 3.54ns
ST_2: i [1/1] 0.00ns
.loopexit19:0  %i = phi i7 [ 0, %1 ], [ %i_2, %.preheader8 ]

ST_2: phi_mul [1/1] 0.00ns
.loopexit19:1  %phi_mul = phi i14 [ 0, %1 ], [ %next_mul, %.preheader8 ]

ST_2: next_mul [1/1] 1.96ns
.loopexit19:2  %next_mul = add i14 %phi_mul, 100

ST_2: exitcond4 [1/1] 1.97ns
.loopexit19:3  %exitcond4 = icmp eq i7 %i, -28

ST_2: empty [1/1] 0.00ns
.loopexit19:4  %empty = call i32 (...)* @_ssdm_op_SpecLoopTripCount(i64 100, i64 100, i64 100) nounwind

ST_2: i_2 [1/1] 1.72ns
.loopexit19:5  %i_2 = add i7 %i, 1

ST_2: stg_43 [1/1] 1.57ns
.loopexit19:6  br i1 %exitcond4, label %.preheader7, label %.preheader8


 <State 3>: 4.67ns
ST_3: j [1/1] 0.00ns
.preheader8:0  %j = phi i7 [ %j_2, %2 ], [ 0, %.loopexit19 ]

ST_3: exitcond3 [1/1] 1.97ns
.preheader8:1  %exitcond3 = icmp eq i7 %j, -28

ST_3: empty_2 [1/1] 0.00ns
.preheader8:2  %empty_2 = call i32 (...)* @_ssdm_op_SpecLoopTripCount(i64 100, i64 100, i64 100) nounwind

ST_3: j_2 [1/1] 1.72ns
.preheader8:3  %j_2 = add i7 %j, 1

ST_3: stg_48 [1/1] 0.00ns
.preheader8:4  br i1 %exitcond3, label %.loopexit19, label %2

ST_3: tmp_5_trn_cast [1/1] 0.00ns
:0  %tmp_5_trn_cast = zext i7 %j to i14

ST_3: p_addr [1/1] 1.96ns
:1  %p_addr = add i14 %tmp_5_trn_cast, %phi_mul

ST_3: tmp_1 [1/1] 0.00ns
:2  %tmp_1 = zext i14 %p_addr to i64

ST_3: C_addr [1/1] 0.00ns
:3  %C_addr = getelementptr [10000 x i32]* %C, i64 0, i64 %tmp_1

ST_3: stg_53 [1/1] 2.71ns
:4  store i32 0, i32* %C_addr, align 4

ST_3: stg_54 [1/1] 0.00ns
:5  br label %.preheader8


 <State 4>: 2.00ns
ST_4: i_1 [1/1] 0.00ns
.preheader7:0  %i_1 = phi i7 [ 0, %.loopexit19 ], [ %i_3, %.preheader6 ]

ST_4: phi_mul1 [1/1] 0.00ns
.preheader7:1  %phi_mul1 = phi i14 [ 0, %.loopexit19 ], [ %next_mul1, %.preheader6 ]

ST_4: next_mul1 [1/1] 1.96ns
.preheader7:2  %next_mul1 = add i14 %phi_mul1, 100

ST_4: i_1_cast [1/1] 0.00ns
.preheader7:3  %i_1_cast = zext i7 %i_1 to i8

ST_4: exitcond2 [1/1] 1.97ns
.preheader7:4  %exitcond2 = icmp eq i7 %i_1, -28

ST_4: empty_3 [1/1] 0.00ns
.preheader7:5  %empty_3 = call i32 (...)* @_ssdm_op_SpecLoopTripCount(i64 100, i64 100, i64 100) nounwind

ST_4: i_3 [1/1] 1.72ns
.preheader7:6  %i_3 = add i7 %i_1, 1

ST_4: stg_62 [1/1] 0.00ns
.preheader7:7  br i1 %exitcond2, label %.loopexit, label %.preheader6.preheader

ST_4: tmp_2 [1/1] 2.00ns
.preheader6.preheader:0  %tmp_2 = icmp ult i8 %i_1_cast, %mA_read

ST_4: stg_64 [1/1] 1.57ns
.preheader6.preheader:1  br label %.preheader6

ST_4: stg_65 [1/1] 0.00ns
.loopexit:0  ret void


 <State 5>: 2.00ns
ST_5: j_1 [1/1] 0.00ns
.preheader6:0  %j_1 = phi i7 [ 0, %.preheader6.preheader ], [ %j_3, %.preheader ]

ST_5: j_1_cast [1/1] 0.00ns
.preheader6:1  %j_1_cast = zext i7 %j_1 to i8

ST_5: exitcond1 [1/1] 1.97ns
.preheader6:2  %exitcond1 = icmp eq i7 %j_1, -28

ST_5: empty_4 [1/1] 0.00ns
.preheader6:3  %empty_4 = call i32 (...)* @_ssdm_op_SpecLoopTripCount(i64 100, i64 100, i64 100) nounwind

ST_5: j_3 [1/1] 1.72ns
.preheader6:4  %j_3 = add i7 %j_1, 1

ST_5: stg_71 [1/1] 0.00ns
.preheader6:5  br i1 %exitcond1, label %.preheader7, label %.preheader.preheader

ST_5: tmp_8 [1/1] 2.00ns
.preheader.preheader:0  %tmp_8 = icmp ult i8 %j_1_cast, %nB_read

ST_5: tmp_9_trn6_cast [1/1] 0.00ns
.preheader.preheader:1  %tmp_9_trn6_cast = zext i7 %j_1 to i14

ST_5: p_addr8 [1/1] 1.96ns
.preheader.preheader:2  %p_addr8 = add i14 %tmp_9_trn6_cast, %phi_mul1

ST_5: tmp_3 [1/1] 0.00ns
.preheader.preheader:3  %tmp_3 = zext i14 %p_addr8 to i64

ST_5: C_addr_1 [1/1] 0.00ns
.preheader.preheader:4  %C_addr_1 = getelementptr [10000 x i32]* %C, i64 0, i64 %tmp_3

ST_5: stg_77 [1/1] 1.57ns
.preheader.preheader:5  br label %.preheader


 <State 6>: 4.74ns
ST_6: k [1/1] 0.00ns
.preheader:0  %k = phi i7 [ %k_1, %._crit_edge ], [ 0, %.preheader.preheader ]

ST_6: phi_mul2 [1/1] 0.00ns
.preheader:1  %phi_mul2 = phi i14 [ %next_mul2, %._crit_edge ], [ 0, %.preheader.preheader ]

ST_6: k_cast [1/1] 0.00ns
.preheader:2  %k_cast = zext i7 %k to i8

ST_6: exitcond [1/1] 1.97ns
.preheader:3  %exitcond = icmp eq i7 %k, -28

ST_6: empty_5 [1/1] 0.00ns
.preheader:4  %empty_5 = call i32 (...)* @_ssdm_op_SpecLoopTripCount(i64 100, i64 100, i64 100) nounwind

ST_6: k_1 [1/1] 1.72ns
.preheader:5  %k_1 = add i7 %k, 1

ST_6: stg_84 [1/1] 0.00ns
.preheader:6  br i1 %exitcond, label %.preheader6, label %3

ST_6: tmp_s [1/1] 2.00ns
:0  %tmp_s = icmp ult i8 %k_cast, %mB_read

ST_6: tmp1 [1/1] 1.37ns
:1  %tmp1 = and i1 %tmp_8, %tmp_s

ST_6: or_cond5 [1/1] 1.37ns
:2  %or_cond5 = and i1 %tmp1, %tmp_2

ST_6: next_mul2 [1/1] 1.96ns
:3  %next_mul2 = add i14 %phi_mul2, 100

ST_6: stg_89 [1/1] 0.00ns
:4  br i1 %or_cond5, label %4, label %._crit_edge

ST_6: tmp_4_trn_cast [1/1] 0.00ns
:0  %tmp_4_trn_cast = zext i7 %k to i14

ST_6: p_addr1 [1/1] 1.96ns
:1  %p_addr1 = add i14 %tmp_4_trn_cast, %phi_mul1

ST_6: tmp_4 [1/1] 0.00ns
:2  %tmp_4 = zext i14 %p_addr1 to i64

ST_6: A_addr [1/1] 0.00ns
:3  %A_addr = getelementptr [10000 x i32]* %A, i64 0, i64 %tmp_4

ST_6: A_load [2/2] 2.71ns
:4  %A_load = load i32* %A_addr, align 4

ST_6: p_addr4 [1/1] 1.96ns
:5  %p_addr4 = add i14 %tmp_9_trn6_cast, %phi_mul2

ST_6: tmp_5 [1/1] 0.00ns
:6  %tmp_5 = zext i14 %p_addr4 to i64

ST_6: B_addr [1/1] 0.00ns
:7  %B_addr = getelementptr [10000 x i32]* %B, i64 0, i64 %tmp_5

ST_6: B_load [2/2] 2.71ns
:8  %B_load = load i32* %B_addr, align 4


 <State 7>: 2.71ns
ST_7: A_load [1/2] 2.71ns
:4  %A_load = load i32* %A_addr, align 4

ST_7: B_load [1/2] 2.71ns
:8  %B_load = load i32* %B_addr, align 4


 <State 8>: 6.08ns
ST_8: tmp_6 [6/6] 6.08ns
:9  %tmp_6 = mul nsw i32 %B_load, %A_load


 <State 9>: 6.08ns
ST_9: tmp_6 [5/6] 6.08ns
:9  %tmp_6 = mul nsw i32 %B_load, %A_load


 <State 10>: 6.08ns
ST_10: tmp_6 [4/6] 6.08ns
:9  %tmp_6 = mul nsw i32 %B_load, %A_load


 <State 11>: 6.08ns
ST_11: tmp_6 [3/6] 6.08ns
:9  %tmp_6 = mul nsw i32 %B_load, %A_load


 <State 12>: 6.08ns
ST_12: tmp_6 [2/6] 6.08ns
:9  %tmp_6 = mul nsw i32 %B_load, %A_load


 <State 13>: 6.08ns
ST_13: tmp_6 [1/6] 6.08ns
:9  %tmp_6 = mul nsw i32 %B_load, %A_load

ST_13: C_load [2/2] 2.71ns
:10  %C_load = load i32* %C_addr_1, align 4


 <State 14>: 7.86ns
ST_14: C_load [1/2] 2.71ns
:10  %C_load = load i32* %C_addr_1, align 4

ST_14: tmp_7 [1/1] 2.44ns
:11  %tmp_7 = add nsw i32 %C_load, %tmp_6

ST_14: stg_110 [1/1] 2.71ns
:12  store i32 %tmp_7, i32* %C_addr_1, align 4

ST_14: stg_111 [1/1] 0.00ns
:13  br label %._crit_edge

ST_14: stg_112 [1/1] 0.00ns
._crit_edge:0  br label %.preheader



============================================================
+ Verbose Summary: Binding
============================================================
N/A
* FSMD analyzer results:
  - Output states:
  - Chain level:
	State 1
	State 2
	State 3
	State 4
	State 5
	State 6
	State 7
	State 8
	State 9
	State 10
	State 11
	State 12
	State 13
	State 14


============================================================
+ Verbose Summary: Datapath Resource usage 
============================================================
N/A
