17:35:27 **** Incremental Build of configuration Debug for project partC ****
make all 
make: Nothing to be done for `all'.
17:35:34 **** Incremental Build of configuration Debug for project partC ****
make all 
make: Nothing to be done for `all'.
17:37:19 **** Auto Build of configuration Debug for project partC ****
make all 
Building file: ../src/main.c
Invoking: ARM gcc compiler
arm-xilinx-eabi-gcc -Wall -O0 -g3 -c -fmessage-length=0 -MT"src/main.o" -I../../standalone_bsp_0/ps7_cortexa9_0/include -MMD -MP -MF"src/main.d" -MT"src/main.d" -o "src/main.o" "../src/main.c"
../src/main.c: In function 'main':
../src/main.c:146:15: warning: unused variable 'Delay' [-Wunused-variable]
  volatile int Delay;
               ^
../src/main.c:144:6: warning: variable 'Data' set but not used [-Wunused-but-set-variable]
  u32 Data;
      ^
Finished building: ../src/main.c
 
Building target: partC.elf
Invoking: ARM gcc linker
arm-xilinx-eabi-gcc -Wl,-T -Wl,../src/lscript.ld -L../../standalone_bsp_0/ps7_cortexa9_0/lib -o "partC.elf"  ./src/main.o ./src/platform.o   -Wl,--start-group,-lxil,-lgcc,-lc,--end-group
Finished building target: partC.elf
 
Invoking: ARM Print Size
arm-xilinx-eabi-size partC.elf  |tee "partC.elf.size"
   text	   data	    bss	    dec	    hex	filename
  23696	   1168	  22580	  47444	   b954	partC.elf
Finished building: partC.elf.size
 
17:37:27 **** Incremental Build of configuration Debug for project partC ****
make all 
make: Nothing to be done for `all'.
17:38:11 **** Auto Build of configuration Debug for project partC ****
make all 
Building file: ../src/main.c
Invoking: ARM gcc compiler
arm-xilinx-eabi-gcc -Wall -O0 -g3 -c -fmessage-length=0 -MT"src/main.o" -I../../standalone_bsp_0/ps7_cortexa9_0/include -MMD -MP -MF"src/main.d" -MT"src/main.d" -o "src/main.o" "../src/main.c"
../src/main.c: In function 'main':
../src/main.c:147:15: warning: unused variable 'Delay' [-Wunused-variable]
  volatile int Delay;
               ^
../src/main.c:145:6: warning: variable 'Data' set but not used [-Wunused-but-set-variable]
  u32 Data;
      ^
Finished building: ../src/main.c
 
Building target: partC.elf
Invoking: ARM gcc linker
arm-xilinx-eabi-gcc -Wl,-T -Wl,../src/lscript.ld -L../../standalone_bsp_0/ps7_cortexa9_0/lib -o "partC.elf"  ./src/main.o ./src/platform.o   -Wl,--start-group,-lxil,-lgcc,-lc,--end-group
Finished building target: partC.elf
 
Invoking: ARM Print Size
arm-xilinx-eabi-size partC.elf  |tee "partC.elf.size"
   text	   data	    bss	    dec	    hex	filename
  23696	   1168	  22580	  47444	   b954	partC.elf
Finished building: partC.elf.size
 
17:38:40 **** Auto Build of configuration Debug for project partC ****
make all 
Building file: ../src/main.c
Invoking: ARM gcc compiler
arm-xilinx-eabi-gcc -Wall -O0 -g3 -c -fmessage-length=0 -MT"src/main.o" -I../../standalone_bsp_0/ps7_cortexa9_0/include -MMD -MP -MF"src/main.d" -MT"src/main.d" -o "src/main.o" "../src/main.c"
../src/main.c: In function 'main':
../src/main.c:147:15: warning: unused variable 'Delay' [-Wunused-variable]
  volatile int Delay;
               ^
Finished building: ../src/main.c
 
Building target: partC.elf
Invoking: ARM gcc linker
arm-xilinx-eabi-gcc -Wl,-T -Wl,../src/lscript.ld -L../../standalone_bsp_0/ps7_cortexa9_0/lib -o "partC.elf"  ./src/main.o ./src/platform.o   -Wl,--start-group,-lxil,-lgcc,-lc,--end-group
Finished building target: partC.elf
 
Invoking: ARM Print Size
arm-xilinx-eabi-size partC.elf  |tee "partC.elf.size"
   text	   data	    bss	    dec	    hex	filename
  23696	   1168	  22580	  47444	   b954	partC.elf
Finished building: partC.elf.size
 
17:38:47 **** Incremental Build of configuration Debug for project partC ****
make all 
make: Nothing to be done for `all'.
