

================================================================
== Vivado HLS Report for 'MAT_Multiply'
================================================================
* Date:           Tue Sep 29 14:00:43 2015

* Version:        2015.1 (Build 1215546 on Mon Apr 27 19:24:50 PM 2015)
* Project:        parta_2
* Solution:       solution2_fifo_pipeline
* Product family: zynq
* Target device:  xc7z020clg484-1


================================================================
== Performance Estimates
================================================================
+ Timing (ns): 
    * Summary: 
    +---------+-------+----------+------------+
    |  Clock  | Target| Estimated| Uncertainty|
    +---------+-------+----------+------------+
    |default  |  10.00|      9.45|        1.25|
    +---------+-------+----------+------------+

+ Latency (clock cycles): 
    * Summary: 
    +-----+---------+-----+---------+---------+
    |    Latency    |    Interval   | Pipeline|
    | min |   max   | min |   max   |   Type  |
    +-----+---------+-----+---------+---------+
    |    1|  3140001|    2|  3140002|   none  |
    +-----+---------+-----+---------+---------+

    + Detail: 
        * Instance: 
        N/A

        * Loop: 
        +---------------+-------+---------+----------+-----------+-----------+-------+----------+
        |               |     Latency     | Iteration|  Initiation Interval  |  Trip |          |
        |   Loop Name   |  min  |   max   |  Latency |  achieved |   target  | Count | Pipelined|
        +---------------+-------+---------+----------+-----------+-----------+-------+----------+
        |- Row_Col      |  20000|  3140000|  2 ~ 314 |          -|          -|  10000|    no    |
        | + RowCaching  |    100|      100|         2|          1|          1|    100|    yes   |
        | + ColCaching  |    100|      100|         2|          1|          1|    100|    yes   |
        | + Product     |    107|      107|         9|          1|          1|    100|    yes   |
        +---------------+-------+---------+----------+-----------+-----------+-------+----------+



================================================================
== Utilization Estimates
================================================================
* Summary: 
+-----------------+---------+-------+--------+-------+
|       Name      | BRAM_18K| DSP48E|   FF   |  LUT  |
+-----------------+---------+-------+--------+-------+
|Expression       |        -|      -|       0|    230|
|FIFO             |        -|      -|       -|      -|
|Instance         |        -|      4|       0|      0|
|Memory           |       33|      -|       0|      0|
|Multiplexer      |        -|      -|       -|    142|
|Register         |        -|      -|     296|      2|
+-----------------+---------+-------+--------+-------+
|Total            |       33|      4|     296|    374|
+-----------------+---------+-------+--------+-------+
|Available        |      280|    220|  106400|  53200|
+-----------------+---------+-------+--------+-------+
|Utilization (%)  |       11|      1|   ~0   |   ~0  |
+-----------------+---------+-------+--------+-------+

+ Detail: 
    * Instance: 
    +----------------------------------+-------------------------------+---------+-------+---+----+
    |             Instance             |             Module            | BRAM_18K| DSP48E| FF| LUT|
    +----------------------------------+-------------------------------+---------+-------+---+----+
    |MAT_Multiply_mul_32s_32s_32_6_U0  |MAT_Multiply_mul_32s_32s_32_6  |        0|      4|  0|   0|
    +----------------------------------+-------------------------------+---------+-------+---+----+
    |Total                             |                               |        0|      4|  0|   0|
    +----------------------------------+-------------------------------+---------+-------+---+----+

    * Memory: 
    +----------------+---------------------------+---------+---+----+-------+-----+------+-------------+
    |     Memory     |           Module          | BRAM_18K| FF| LUT| Words | Bits| Banks| W*Bits*Banks|
    +----------------+---------------------------+---------+---+----+-------+-----+------+-------------+
    |A_cached_row_U  |MAT_Multiply_A_cached_row  |        1|  0|   0|    100|   32|     1|         3200|
    |B_cached_U      |MAT_Multiply_B_cached      |       32|  0|   0|  10000|   32|     1|       320000|
    +----------------+---------------------------+---------+---+----+-------+-----+------+-------------+
    |Total           |                           |       33|  0|   0|  10100|   64|     2|       323200|
    +----------------+---------------------------+---------+---+----+-------+-----+------+-------------+

    * FIFO: 
    N/A

    * Expression: 
    +-------------------------------+----------+-------+---+----+------------+------------+
    |         Variable Name         | Operation| DSP48E| FF| LUT| Bitwidth P0| Bitwidth P1|
    +-------------------------------+----------+-------+---+----+------------+------------+
    |i_s_fu_342_p2                  |     +    |      0|  0|   7|           7|           1|
    |indvar_flatten_next_fu_322_p2  |     +    |      0|  0|  14|          14|           1|
    |j_1_fu_500_p2                  |     +    |      0|  0|   7|           7|           1|
    |k_3_fu_398_p2                  |     +    |      0|  0|   7|           7|           1|
    |k_4_fu_418_p2                  |     +    |      0|  0|   7|           7|           1|
    |k_5_fu_448_p2                  |     +    |      0|  0|   7|           7|           1|
    |next_mul6_fu_468_p2            |     +    |      0|  0|  14|          14|           7|
    |next_mul_fu_424_p2             |     +    |      0|  0|  14|          14|           7|
    |p_addr2_fu_474_p2              |     +    |      0|  0|  14|          14|          14|
    |p_addr4_fu_430_p2              |     +    |      0|  0|  14|          14|          14|
    |temp_2_fu_488_p2               |     +    |      0|  0|  32|          32|          32|
    |i_mid2_fu_348_p3               |  Select  |      0|  0|   7|           1|           7|
    |j_mid2_fu_334_p3               |  Select  |      0|  0|   7|           1|           1|
    |temp_1_fu_493_p3               |  Select  |      0|  0|  32|           1|          32|
    |ap_sig_bdd_118                 |    and   |      0|  0|   1|           1|           1|
    |ap_sig_bdd_154                 |    and   |      0|  0|   1|           1|           1|
    |ap_sig_bdd_278                 |    and   |      0|  0|   1|           1|           1|
    |tmp1_fu_304_p2                 |    and   |      0|  0|   1|           1|           1|
    |tmp_4_fu_310_p2                |    and   |      0|  0|   1|           1|           1|
    |tmp_s_fu_380_p2                |    and   |      0|  0|   1|           1|           1|
    |exitcond1_fu_412_p2            |   icmp   |      0|  0|   3|           7|           6|
    |exitcond2_fu_392_p2            |   icmp   |      0|  0|   3|           7|           6|
    |exitcond3_fu_328_p2            |   icmp   |      0|  0|   3|           7|           6|
    |exitcond_flatten_fu_316_p2     |   icmp   |      0|  0|   5|          14|          14|
    |exitcond_fu_442_p2             |   icmp   |      0|  0|   3|           7|           6|
    |tmp_14_fu_458_p2               |   icmp   |      0|  0|   3|           8|           8|
    |tmp_1_fu_292_p2                |   icmp   |      0|  0|   3|           8|           8|
    |tmp_3_fu_298_p2                |   icmp   |      0|  0|   3|           8|           8|
    |tmp_5_fu_360_p2                |   icmp   |      0|  0|   3|           8|           8|
    |tmp_6_fu_365_p2                |   icmp   |      0|  0|   3|           7|           1|
    |tmp_8_fu_386_p2                |   icmp   |      0|  0|   3|           7|           1|
    |tmp_9_fu_375_p2                |   icmp   |      0|  0|   3|           8|           8|
    |tmp_fu_286_p2                  |   icmp   |      0|  0|   3|           8|           8|
    +-------------------------------+----------+-------+---+----+------------+------------+
    |Total                          |          |      0|  0| 230|         250|         214|
    +-------------------------------+----------+-------+---+----+------------+------------+

    * Multiplexer: 
    +------------------------+----+-----------+-----+-----------+
    |          Name          | LUT| Input Size| Bits| Total Bits|
    +------------------------+----+-----------+-----+-----------+
    |A_cached_row_address0   |   7|          3|    7|         21|
    |B_cached_address0       |  14|          3|   14|         42|
    |ap_NS_fsm               |   4|          9|    1|          9|
    |ap_reg_ppiten_pp2_it8   |   1|          2|    1|          2|
    |i_reg_194               |   7|          2|    7|         14|
    |indvar_flatten_reg_183  |  14|          2|   14|         28|
    |j_reg_205               |   7|          2|    7|         14|
    |k_1_reg_228             |   7|          2|    7|         14|
    |k_2_reg_250             |   7|          2|    7|         14|
    |k_phi_fu_220_p4         |   7|          2|    7|         14|
    |k_reg_216               |   7|          2|    7|         14|
    |phi_mul5_reg_274        |  14|          2|   14|         28|
    |phi_mul_reg_239         |  14|          2|   14|         28|
    |temp_reg_261            |  32|          2|   32|         64|
    +------------------------+----+-----------+-----+-----------+
    |Total                   | 142|         37|  139|        306|
    +------------------------+----+-----------+-----+-----------+

    * Register: 
    +-----------------------------+----+----+-----+-----------+
    |             Name            | FF | LUT| Bits| Const Bits|
    +-----------------------------+----+----+-----+-----------+
    |A_cached_row_load_reg_624    |  32|   0|   32|          0|
    |B_cached_load_reg_629        |  32|   0|   32|          0|
    |ap_CS_fsm                    |   8|   0|    8|          0|
    |ap_reg_ppiten_pp0_it0        |   1|   0|    1|          0|
    |ap_reg_ppiten_pp0_it1        |   1|   0|    1|          0|
    |ap_reg_ppiten_pp1_it0        |   1|   0|    1|          0|
    |ap_reg_ppiten_pp1_it1        |   1|   0|    1|          0|
    |ap_reg_ppiten_pp2_it0        |   1|   0|    1|          0|
    |ap_reg_ppiten_pp2_it1        |   1|   0|    1|          0|
    |ap_reg_ppiten_pp2_it2        |   1|   0|    1|          0|
    |ap_reg_ppiten_pp2_it3        |   1|   0|    1|          0|
    |ap_reg_ppiten_pp2_it4        |   1|   0|    1|          0|
    |ap_reg_ppiten_pp2_it5        |   1|   0|    1|          0|
    |ap_reg_ppiten_pp2_it6        |   1|   0|    1|          0|
    |ap_reg_ppiten_pp2_it7        |   1|   0|    1|          0|
    |ap_reg_ppiten_pp2_it8        |   1|   0|    1|          0|
    |exitcond1_reg_571            |   1|   0|    1|          0|
    |exitcond2_reg_557            |   1|   0|    1|          0|
    |exitcond_reg_595             |   1|   0|    1|          0|
    |i_mid2_reg_540               |   7|   0|    7|          0|
    |i_reg_194                    |   7|   0|    7|          0|
    |indvar_flatten_next_reg_528  |  14|   0|   14|          0|
    |indvar_flatten_reg_183       |  14|   0|   14|          0|
    |j_mid2_reg_533               |   7|   0|    7|          0|
    |j_reg_205                    |   7|   0|    7|          0|
    |k_1_reg_228                  |   7|   0|    7|          0|
    |k_2_reg_250                  |   7|   0|    7|          0|
    |k_3_reg_561                  |   7|   0|    7|          0|
    |k_reg_216                    |   7|   0|    7|          0|
    |p_addr4_reg_585              |  14|   0|   14|          0|
    |phi_mul5_reg_274             |  14|   0|   14|          0|
    |phi_mul_reg_239              |  14|   0|   14|          0|
    |temp_reg_261                 |  32|   0|   32|          0|
    |tmp_11_trn_cast_reg_566      |   7|   0|   14|          7|
    |tmp_13_trn_cast_reg_590      |   7|   0|   14|          7|
    |tmp_14_reg_604               |   1|   0|    1|          0|
    |tmp_16_reg_634               |  32|   0|   32|          0|
    |tmp_4_reg_520                |   1|   0|    1|          0|
    |tmp_6_reg_545                |   1|   0|    1|          0|
    |tmp_s_reg_549                |   1|   0|    1|          0|
    |exitcond_reg_595             |   0|   1|    1|          0|
    |tmp_14_reg_604               |   0|   1|    1|          0|
    +-----------------------------+----+----+-----+-----------+
    |Total                        | 296|   2|  312|         14|
    +-----------------------------+----+----+-----+-----------+



================================================================
== Interface
================================================================
* Summary: 
+-----------+-----+-----+------------+--------------+--------------+
| RTL Ports | Dir | Bits|  Protocol  | Source Object|    C Type    |
+-----------+-----+-----+------------+--------------+--------------+
|ap_clk     |  in |    1| ap_ctrl_hs | MAT_Multiply | return value |
|ap_rst     |  in |    1| ap_ctrl_hs | MAT_Multiply | return value |
|ap_start   |  in |    1| ap_ctrl_hs | MAT_Multiply | return value |
|ap_done    | out |    1| ap_ctrl_hs | MAT_Multiply | return value |
|ap_idle    | out |    1| ap_ctrl_hs | MAT_Multiply | return value |
|ap_ready   | out |    1| ap_ctrl_hs | MAT_Multiply | return value |
|A_dout     |  in |   32|   ap_fifo  |       A      |    pointer   |
|A_empty_n  |  in |    1|   ap_fifo  |       A      |    pointer   |
|A_read     | out |    1|   ap_fifo  |       A      |    pointer   |
|B_dout     |  in |   32|   ap_fifo  |       B      |    pointer   |
|B_empty_n  |  in |    1|   ap_fifo  |       B      |    pointer   |
|B_read     | out |    1|   ap_fifo  |       B      |    pointer   |
|C_din      | out |   32|   ap_fifo  |       C      |    pointer   |
|C_full_n   |  in |    1|   ap_fifo  |       C      |    pointer   |
|C_write    | out |    1|   ap_fifo  |       C      |    pointer   |
|mA         |  in |    8|   ap_none  |      mA      |    scalar    |
|nA         |  in |    8|   ap_none  |      nA      |    scalar    |
|mB         |  in |    8|   ap_none  |      mB      |    scalar    |
|nB         |  in |    8|   ap_none  |      nB      |    scalar    |
|mC         |  in |    8|   ap_none  |      mC      |    scalar    |
|nC         |  in |    8|   ap_none  |      nC      |    scalar    |
+-----------+-----+-----+------------+--------------+--------------+

